// Jest Snapshot v1, https://goo.gl/fbAQLP

exports[`components/ShelfList should render successfully 1`] = `
<div
  class="shelf-list row"
>
  <div
    class="shelf-item"
  >
    <div
      class="card text-primary"
    >
      <img
        class="card-img-top"
        src=""
      />
      <div
        class="card-body"
      >
        <div
          class="card-title h5"
        >
          name
        </div>
        <div
          class="mb-2 text-muted card-subtitle h6"
        >
          <svg
            aria-hidden="true"
            class="svg-inline--fa fa-map-marker-alt fa-w-12 "
            data-icon="map-marker-alt"
            data-prefix="fas"
            focusable="false"
            role="img"
            viewBox="0 0 384 512"
            xmlns="http://www.w3.org/2000/svg"
          >
            <path
              d="M172.268 501.67C26.97 291.031 0 269.413 0 192 0 85.961 85.961 0 192 0s192 85.961 192 192c0 77.413-26.97 99.031-172.268 309.67-9.535 13.774-29.93 13.773-39.464 0zM192 272c44.183 0 80-35.817 80-80s-35.817-80-80-80-80 35.817-80 80 35.817 80 80 80z"
              fill="currentColor"
            />
          </svg>
          <span
            class="icon-prefix"
          >
            location
          </span>
        </div>
        <p
          class="card-text"
        >
          description
        </p>
      </div>
    </div>
  </div>
  <div
    class="shelf-item"
  >
    <div
      class="card text-primary"
    >
      <div
        class="shelf-item-new"
      >
        <div
          class="card-title h5"
        >
          <svg
            aria-hidden="true"
            class="svg-inline--fa fa-plus fa-w-14 "
            data-icon="plus"
            data-prefix="fas"
            focusable="false"
            role="img"
            viewBox="0 0 448 512"
            xmlns="http://www.w3.org/2000/svg"
          >
            <path
              d="M416 208H272V64c0-17.67-14.33-32-32-32h-32c-17.67 0-32 14.33-32 32v144H32c-17.67 0-32 14.33-32 32v32c0 17.67 14.33 32 32 32h144v144c0 17.67 14.33 32 32 32h32c17.67 0 32-14.33 32-32V304h144c17.67 0 32-14.33 32-32v-32c0-17.67-14.33-32-32-32z"
              fill="currentColor"
            />
          </svg>
          <span
            class="icon-prefix"
          >
            Add New Shelf
          </span>
        </div>
      </div>
    </div>
  </div>
</div>
`;
