// Jest Snapshot v1, https://goo.gl/fbAQLP

exports[`pages/MyFlowerShelves should render successfully if user is logged in 1`] = `
<div
  class="my-flower-shelves"
>
  <h5>
    You don't have any flower pots shelves yet.
  </h5>
</div>
`;
