// Jest Snapshot v1, https://goo.gl/fbAQLP

exports[`components/PasswordResetForm should call onSubmit prop on submit 1`] = `
<form
  class=""
>
  <div
    data-testid="alertPlaceholder"
    style="height: 62px;"
  />
  <div
    class="form-group"
  >
    <label
      class="form-label"
      for="formEmail"
    >
      Email address
    </label>
    <input
      class="form-control"
      data-testid="passwordResetForm__email"
      id="formEmail"
      placeholder="Enter email"
      type="email"
      value=""
    />
  </div>
  <button
    class="btn btn-primary"
    data-testid="submitButton"
    disabled=""
    type="submit"
  >
    <div
      class="spinner-container"
    />
    <span>
      Send Email
    </span>
  </button>
</form>
`;

exports[`components/PasswordResetForm should render submit button disabled by default 1`] = `
<form
  class=""
>
  <div
    data-testid="alertPlaceholder"
    style="height: 62px;"
  />
  <div
    class="form-group"
  >
    <label
      class="form-label"
      for="formEmail"
    >
      Email address
    </label>
    <input
      class="form-control"
      data-testid="passwordResetForm__email"
      id="formEmail"
      placeholder="Enter email"
      type="email"
      value=""
    />
  </div>
  <button
    class="btn btn-primary"
    data-testid="submitButton"
    disabled=""
    type="submit"
  >
    <div
      class="spinner-container"
    />
    <span>
      Send Email
    </span>
  </button>
</form>
`;

exports[`components/PasswordResetForm should render successfully 1`] = `
<form
  class=""
>
  <div
    data-testid="alertPlaceholder"
    style="height: 62px;"
  />
  <div
    class="form-group"
  >
    <label
      class="form-label"
      for="formEmail"
    >
      Email address
    </label>
    <input
      class="form-control"
      data-testid="passwordResetForm__email"
      id="formEmail"
      placeholder="Enter email"
      type="email"
      value=""
    />
  </div>
  <button
    class="btn btn-primary"
    data-testid="submitButton"
    disabled=""
    type="submit"
  >
    <div
      class="spinner-container"
    />
    <span>
      Send Email
    </span>
  </button>
</form>
`;
