// Jest Snapshot v1, https://goo.gl/fbAQLP

exports[`components/FlowerItemAdd should render successfully 1`] = `
<div
  class="flower-item"
>
  <div
    class="card text-primary"
  >
    <div
      class="shelf-item-new"
    >
      <div
        class="card-title h5"
      >
        <svg
          aria-hidden="true"
          class="svg-inline--fa fa-plus fa-w-14 "
          data-icon="plus"
          data-prefix="fas"
          focusable="false"
          role="img"
          viewBox="0 0 448 512"
          xmlns="http://www.w3.org/2000/svg"
        >
          <path
            d="M416 208H272V64c0-17.67-14.33-32-32-32h-32c-17.67 0-32 14.33-32 32v144H32c-17.67 0-32 14.33-32 32v32c0 17.67 14.33 32 32 32h144v144c0 17.67 14.33 32 32 32h32c17.67 0 32-14.33 32-32V304h144c17.67 0 32-14.33 32-32v-32c0-17.67-14.33-32-32-32z"
            fill="currentColor"
          />
        </svg>
        <span
          class="icon-prefix"
        >
          Add New Flower
        </span>
      </div>
    </div>
  </div>
</div>
`;
