// Jest Snapshot v1, https://goo.gl/fbAQLP

exports[`components/AddFlowerForm should render successfully 1`] = `
<div
  class="container new-flower"
>
  <h1>
    <svg
      aria-hidden="true"
      class="svg-inline--fa fa-bookmark fa-w-12 "
      data-icon="bookmark"
      data-prefix="fas"
      focusable="false"
      role="img"
      viewBox="0 0 384 512"
      xmlns="http://www.w3.org/2000/svg"
    >
      <path
        d="M0 512V48C0 21.49 21.49 0 48 0h288c26.51 0 48 21.49 48 48v464L192 400 0 512z"
        fill="currentColor"
      />
    </svg>
    <span
      class="icon-prefix"
    >
      Add New Flower
    </span>
  </h1>
  <form
    class=""
  >
    <div
      class="form-group"
    >
      <label
        class="form-label"
        for="formName"
      >
        Flower Name
      </label>
      <input
        class="form-control"
        id="formName"
        name="name"
        placeholder="Enter Flower Name"
        type="text"
        value=""
      />
    </div>
    <div
      class="form-group"
    >
      <label
        class="form-label"
        for="formDescription"
      >
        Description
      </label>
      <input
        class="form-control"
        id="formDescription"
        name="description"
        placeholder="Enter description"
        type="text"
        value=""
      />
    </div>
    <button
      class="btn btn-primary"
      data-testid="submitButton"
      disabled=""
      type="submit"
    >
      <div
        class="spinner-container"
      />
      <span>
        Create
      </span>
    </button>
  </form>
</div>
`;
