// Jest Snapshot v1, https://goo.gl/fbAQLP

exports[`pages/Home should render successfully 1`] = `
<div>
  Header
</div>
`;
