// Jest Snapshot v1, https://goo.gl/fbAQLP

exports[`pages/MyFlowerShelfs should render successfully if user is logged in 1`] = `
<div
  class="my-flower-shelfs"
>
  <h5>
    You don't have any flower pots shelfs yet.
  </h5>
</div>
`;
