// Jest Snapshot v1, https://goo.gl/fbAQLP

exports[`components/ProfileUserDetails should render successfully 1`] = `
<div
  data-testid="CONTAINER"
/>
`;
